Usage: dsxutl grep -substr <SUBSTRING> [-ci] <DSXFILE>
  -ci
    	Search the substring in case insensitive
  -substr string
    	The substring to find in the DSX file
