Js_LanceAuto_Produit
Js_LanceClient
Js_LanceRelance_Produit
JxExtClient
JxLoadClient
JxTrfClient
